{"time": "2026-03-04T12:28:29", "level": "INFO", "module": "rag-doc-qa", "message": "Storage directories verified."}
{"time": "2026-03-04T12:28:29", "level": "INFO", "module": "rag-doc-qa", "message": "Extracted and cleaned text from sample.pdf ù 111 chars"}
{"time": "2026-03-04T12:28:29", "level": "INFO", "module": "rag-doc-qa", "message": "Chunked doc 703cc5dcc9474793bf9107558d8419ce into 1 chunks"}
python : 2026-03-04 12:28:36.481103: I 
tensorflow/core/util/port.cc:153] oneDNN 
custom operations are on. You may see 
slightly different numerical results due 
to floating-point round-off errors from 
different computation orders. To turn 
them off, set the environment variable 
`TF_ENABLE_ONEDNN_OPTS=0`.
At line:1 char:1
+ python -m tests.test_ingestion > 
test_output.log 2>&1
+ ~~~~~~~~~~~~~~~~~~~~~~~~~~~~~~~~~~~~~~~~
~~~~~~~~~~~~~
    + CategoryInfo          : NotSpecifie 
   d: (2026-03-04 12:2...ONEDNN_OPTS=0`.  
  :String) [], RemoteException
    + FullyQualifiedErrorId : NativeComma 
   ndError
 
2026-03-04 12:28:38.653834: I 
tensorflow/core/util/port.cc:153] oneDNN 
custom operations are on. You may see 
slightly different numerical results due 
to floating-point round-off errors from 
different computation orders. To turn 
them off, set the environment variable 
`TF_ENABLE_ONEDNN_OPTS=0`.
C:\Users\hp\AppData\Local\Programs\Python\
Python313\Lib\site-packages\keras\src\expo
rt\tf2onnx_lib.py:8: FutureWarning: In 
the future `np.object` will be defined as 
the corresponding NumPy scalar.
  if not hasattr(np, "object"):
Traceback (most recent call last):
  File "C:\Users\hp\AppData\Local\Programs
\Python\Python313\Lib\site-packages\transf
ormers\activations_tf.py", line 22, in 
<module>
    import tf_keras as keras
ModuleNotFoundError: No module named 
'tf_keras'

During handling of the above exception, 
another exception occurred:

Traceback (most recent call last):
  File "<frozen runpy>", line 198, in 
_run_module_as_main
  File "<frozen runpy>", line 88, in 
_run_code
  File "D:\Jeet\projects\Data_Science\Proj
ect\Project-RAG-Doc-QA\backend\tests\test_
ingestion.py", line 47, in <module>
    test_full_ingestion_pipeline()
    ~~~~~~~~~~~~~~~~~~~~~~~~~~~~^^
  File "D:\Jeet\projects\Data_Science\Proj
ect\Project-RAG-Doc-QA\backend\tests\test_
ingestion.py", line 26, in 
test_full_ingestion_pipeline
    vectors = encode(texts)
  File "D:\Jeet\projects\Data_Science\Proj
ect\Project-RAG-Doc-QA\backend\app\core\em
bedder.py", line 18, in encode
    model = _get_model()
  File "D:\Jeet\projects\Data_Science\Proj
ect\Project-RAG-Doc-QA\backend\app\core\em
bedder.py", line 11, in _get_model
    from sentence_transformers import 
SentenceTransformer
  File "C:\Users\hp\AppData\Local\Programs
\Python\Python313\Lib\site-packages\senten
ce_transformers\__init__.py", line 15, in 
<module>
    from 
sentence_transformers.cross_encoder 
import (
    ...<4 lines>...
    )
  File "C:\Users\hp\AppData\Local\Programs
\Python\Python313\Lib\site-packages\senten
ce_transformers\cross_encoder\__init__.py"
, line 3, in <module>
    from .CrossEncoder import CrossEncoder
  File "C:\Users\hp\AppData\Local\Programs
\Python\Python313\Lib\site-packages\senten
ce_transformers\cross_encoder\CrossEncoder
.py", line 35, in <module>
    from sentence_transformers.cross_encod
er.fit_mixin import FitMixin
  File "C:\Users\hp\AppData\Local\Programs
\Python\Python313\Lib\site-packages\senten
ce_transformers\cross_encoder\fit_mixin.py
", line 20, in <module>
    from sentence_transformers.datasets.No
DuplicatesDataLoader import 
NoDuplicatesDataLoader
  File "C:\Users\hp\AppData\Local\Programs
\Python\Python313\Lib\site-packages\senten
ce_transformers\datasets\__init__.py", 
line 13, in <module>
    from .ParallelSentencesDataset import 
ParallelSentencesDataset
  File "C:\Users\hp\AppData\Local\Programs
\Python\Python313\Lib\site-packages\senten
ce_transformers\datasets\ParallelSentences
Dataset.py", line 19, in <module>
    from sentence_transformers import 
SentenceTransformer
  File "C:\Users\hp\AppData\Local\Programs
\Python\Python313\Lib\site-packages\senten
ce_transformers\SentenceTransformer.py", 
line 36, in <module>
    from sentence_transformers.model_card 
import SentenceTransformerModelCardData, 
generate_model_card
  File "C:\Users\hp\AppData\Local\Programs
\Python\Python313\Lib\site-packages\senten
ce_transformers\model_card.py", line 26, 
in <module>
    from transformers.integrations import 
CodeCarbonCallback
  File "<frozen importlib._bootstrap>", 
line 1412, in _handle_fromlist
  File "C:\Users\hp\AppData\Local\Programs
\Python\Python313\Lib\site-packages\transf
ormers\utils\import_utils.py", line 2317, 
in __getattr__
    module = self._get_module(self._class_
to_module[name])
  File "C:\Users\hp\AppData\Local\Programs
\Python\Python313\Lib\site-packages\transf
ormers\utils\import_utils.py", line 2347, 
in _get_module
    raise e
  File "C:\Users\hp\AppData\Local\Programs
\Python\Python313\Lib\site-packages\transf
ormers\utils\import_utils.py", line 2345, 
in _get_module
    return importlib.import_module("." + 
module_name, self.__name__)
           ~~~~~~~~~~~~~~~~~~~~~~~^^^^^^^^
^^^^^^^^^^^^^^^^^^^^^^^^^^
  File "C:\Users\hp\AppData\Local\Programs
\Python\Python313\Lib\importlib\__init__.p
y", line 88, in import_module
    return 
_bootstrap._gcd_import(name[level:], 
package, level)
           ~~~~~~~~~~~~~~~~~~~~~~^^^^^^^^^
^^^^^^^^^^^^^^^^^^^^^
  File "C:\Users\hp\AppData\Local\Programs
\Python\Python313\Lib\site-packages\transf
ormers\integrations\integration_utils.py",
 line 60, in <module>
    from .. import TFPreTrainedModel
  File "<frozen importlib._bootstrap>", 
line 1412, in _handle_fromlist
  File "C:\Users\hp\AppData\Local\Programs
\Python\Python313\Lib\site-packages\transf
ormers\utils\import_utils.py", line 2317, 
in __getattr__
    module = self._get_module(self._class_
to_module[name])
  File "C:\Users\hp\AppData\Local\Programs
\Python\Python313\Lib\site-packages\transf
ormers\utils\import_utils.py", line 2347, 
in _get_module
    raise e
  File "C:\Users\hp\AppData\Local\Programs
\Python\Python313\Lib\site-packages\transf
ormers\utils\import_utils.py", line 2345, 
in _get_module
    return importlib.import_module("." + 
module_name, self.__name__)
           ~~~~~~~~~~~~~~~~~~~~~~~^^^^^^^^
^^^^^^^^^^^^^^^^^^^^^^^^^^
  File "C:\Users\hp\AppData\Local\Programs
\Python\Python313\Lib\importlib\__init__.p
y", line 88, in import_module
    return 
_bootstrap._gcd_import(name[level:], 
package, level)
           ~~~~~~~~~~~~~~~~~~~~~~^^^^^^^^^
^^^^^^^^^^^^^^^^^^^^^
  File "C:\Users\hp\AppData\Local\Programs
\Python\Python313\Lib\site-packages\transf
ormers\modeling_tf_utils.py", line 38, in 
<module>
    from .activations_tf import 
get_tf_activation
  File "C:\Users\hp\AppData\Local\Programs
\Python\Python313\Lib\site-packages\transf
ormers\activations_tf.py", line 27, in 
<module>
    raise ValueError(
    ...<3 lines>...
    )
ValueError: Your currently installed 
version of Keras is Keras 3, but this is 
not yet supported in Transformers. Please 
install the backwards-compatible tf-keras 
package with `pip install tf-keras`.
